{
  "_version": "2.2",
  "_update": null,
  "players": [
    {
      "uuid": "eac8b3962e8e4fb88cf3cb249c536ba6",
      "name": "Kanna_leeder",
      "names": [
        {
          "name": "Kanna_leeder",
          "changedToAt": 1490033114000
        },
        {
          "name": "leeeeder"
        }
      ],
      "time_start": 1487765959244,
      "time_last": 1518496697345,
      "time_lived": 3063637.6,
      "banned": false
    }
  ]
}
